// Jest Snapshot v1, https://goo.gl/fbAQLP

exports[`AppToolbar Should match the Snapshot 1`] = `
<div>
  <div
    class="MuiToolbar-root MuiToolbar-gutters MuiToolbar-regular css-1t29gy6-MuiToolbar-root"
  >
    <div
      class="MuiTypography-root MuiTypography-h6 css-1juivf6-MuiTypography-root"
    >
      Auth-Hub
    </div>
    <button
      class="MuiButton-root MuiButton-text MuiButton-textInherit MuiButton-sizeMedium MuiButton-textSizeMedium MuiButton-colorInherit MuiButtonBase-root  css-1y942vo-MuiButtonBase-root-MuiButton-root"
      tabindex="0"
      type="button"
    >
      Login
      <span
        class="MuiTouchRipple-root css-8je8zh-MuiTouchRipple-root"
      />
    </button>
  </div>
</div>
`;
